gdb ./problem03.exe
GNU gdb (GDB) 7.6.1
Copyright (C) 2013 Free Software Foundation, Inc.
License GPLv3+: GNU GPL version 3 or later <http://gnu.org/licenses/gpl.html>
This is free software: you are free to change and redistribute it.        
There is NO WARRANTY, to the extent permitted by law.  Type "show copying"
and "show warranty" for details.
This GDB was configured as "mingw32".      
For bug reporting instructions, please see:
<http://www.gnu.org/software/gdb/bugs/>... 
Reading symbols from C:\Users\LENOVO\c-activity-sets\set01\problem03.exe...done.
(gdb) b main
Breakpoint 1 at 0x40146e: file problem03.c, line 9.
(gdb) r
Starting program: C:\Users\LENOVO\c-activity-sets\set01/./problem03.exe 
[New Thread 14836.0x34dc]
[New Thread 14836.0x16fc]

Breakpoint 1, main () at problem03.c:9
9           num1=input();
(gdb) n
Enter the values
46
10          num2=input();
(gdb) n
Enter the values
34
11          result=add(num1,num2);
(gdb) n
12          output(num1,num2,result);
(gdb) n
The sum of the two numbers 46 and 34 is 80
(gdb) n
14      }
(gdb) n
0x00401288 in __register_frame_info ()
A debugging session is active.

        Inferior 1 [process 14836] will be killed.

Quit anyway? (y or n) y
error return ../../gdb-7.6.1/gdb/windows-nat.c:1275 was 5
PS C:\Users\LENOVO\c-activity-sets\set01> git add.
git: 'add.' is not a git command. See 'git --help'.

The most similar command is
        add
PS C:\Users\LENOVO\c-activity-sets\set01> git push
Everything up-to-date