GNU gdb (GDB) 7.6.1
Copyright (C) 2013 Free Software Foundation, Inc.
License GPLv3+: GNU GPL version 3 or later <http://gnu.org/licenses/gpl.html>   
This is free software: you are free to change and redistribute it.
There is NO WARRANTY, to the extent permitted by law.  Type "show copying"      
and "show warranty" for details.
This GDB was configured as "mingw32".
For bug reporting instructions, please see:
<http://www.gnu.org/software/gdb/bugs/>...
Reading symbols from C:\Users\LENOVO\c-activity-sets\set01\a.exe...done.        
(gdb) l
1       //2. Write a C program to add two numbers.
2       #include<stdio.h>
3       int main()
4       {
5           int a,b;
6           printf("Enter the values\n");
7           scanf("%d",&a);
8           printf("Enter the values\n");
(gdb) r
Starting program: C:\Users\LENOVO\c-activity-sets\set01/a.exe
[New Thread 8780.0x3294]
Enter the values
43
Enter the values
30
[Inferior 1 (process 8780) exited with code 0111]
(gdb) q
PS C:\Users\LENOVO\c-activity-sets\set01> git add .
PS C:\Users\LENOVO\c-activity-sets\set01> git commit -m"test"
 1 file changed, 6 insertions(+), 6 deletions(-)
PS C:\Users\LENOVO\c-activity-sets\set01> git push
Enumerating objects: 7, done.
Delta compression using up to 8 threads
Compressing objects: 100% (4/4), done.
Writing objects: 100% (4/4), 447 bytes | 223.00 KiB/s, done.
Total 4 (delta 3), reused 0 (delta 0), pack-reused 0
remote: Resolving deltas: 100% (3/3), completed with 3 local objects.
To https://github.com/ShriHariDharshan/c-activity-sets.git
   1d5c329..70f9a56  main -> main
PS C:\Users\LENOVO\c-activity-sets\set01> gcc problem12 -O0 -g
gcc.exe: error: problem12: No such file or directory
gcc.exe: fatal error: no input files
compilation terminated.
PS C:\Users\LENOVO\c-activity-sets\set01> gdb a.exe
GNU gdb (GDB) 7.6.1
Copyright (C) 2013 Free Software Foundation, Inc.
License GPLv3+: GNU GPL version 3 or later <http://gnu.org/licenses/gpl.html>
This is free software: you are free to change and redistribute it.
There is NO WARRANTY, to the extent permitted by law.  Type "show copying"      
and "show warranty" for details.
This GDB was configured as "mingw32".
For bug reporting instructions, please see:
<http://www.gnu.org/software/gdb/bugs/>...
Reading symbols from C:\Users\LENOVO\c-activity-sets\set01\a.exe...done.        
(gdb) l
1       //2. Write a C program to add two numbers.
2       #include<stdio.h>
3       int main()
4       {
5           int a,b;
6           printf("Enter the values\n");
7           scanf("%d",&a);
8           printf("Enter the values\n");
9           scanf("%d",&b);
10          int sum=a+b;
(gdb) r
Starting program: C:\Users\LENOVO\c-activity-sets\set01/a.exe 
[New Thread 12144.0x560]
[New Thread 12144.0x448c]
Enter the values
46
Enter the values
31
[Inferior 1 (process 12144) exited with code 0115]
(gdb) q